  → mod-cabana: gtask-b970474ba4bc4710958b
  → mod-cabana_ruina: gtask-29ca5abcf0174994af4a
  → mod-aserradero: gtask-2cef878ab511422fa632
  → mod-mina_entrada: gtask-50c63bfe8ca34b3793b5
  → mod-torre_agua: gtask-d8f7c69879404dd3be18
  → mod-tienda: gtask-704f710d222143949173
  → mod-jaula: gtask-3c5893f3a9f440b493c3
  → mod-cruces: gtask-67b8e82fea0740fe8970
  → mod-vagoneta: gtask-4fbe8eea04d141d79818
  → mod-tronco: gtask-35205140ab404cddaf60
  → mod-roca1: gtask-1e21d54d7fd24d079f08
  → mod-roca2: gtask-e287dc4d5969494eba46
  ✓ mod-cabana: 16707 KB (140s)
  ✓ mod-cabana_ruina: 15544 KB (141s)
  ✓ mod-aserradero: 14781 KB (143s)
  → mod-municion: gtask-9003e3a95d7a4c08ba13
  → mod-lata: gtask-5035ec4205e147d9915f
  → mod-herramientas: gtask-e2e57d287a584bfdb309
  → mod-repuesto: gtask-3fdd37af087943f7ba21
  ✓ mod-mina_entrada: 15025 KB (158s)
  ✓ mod-tienda: 13633 KB (160s)
  ✓ mod-roca2: 25168 KB (162s)
  → img-camion_maderero: gtask-3c455c99369140888939
  → mod-pino1: gtask-8887494e255e49fa9c62
  ✓ mod-torre_agua: 12211 KB (175s)
  ✓ mod-vagoneta: 14229 KB (177s)
  → mod-farol: gtask-a297bf6dafa74f008594
  → mod-trampa_oso: gtask-988919fe03474deb9c96
  → mod-pistola: gtask-4f7db2f30e4c4c3ea3f2
  → mod-escopeta: gtask-e62eadea704f42158442
  → mod-rifle: gtask-8a1b3f805204445e982a
  ✓ mod-jaula: 11951 KB (193s)
  ✓ mod-cruces: 15817 KB (194s)
  ✓ img-camion_maderero: 1144 KB (195s)
  ✓ mod-pino1: 13261 KB (273s)
  → mod-hacha: gtask-9a7cf8d38d8746d4b76d
  → mod-camion_maderero: gtask-abcb5cb9e0f14f62b88f
  → mod-linterna: gtask-02444699c78e44ecb997
  ✓ mod-lata: 21331 KB (288s)
  ✓ mod-herramientas: 12045 KB (290s)
  ✓ mod-repuesto: 15260 KB (292s)
  ✓ mod-farol: 11811 KB (293s)
  ✓ mod-pistola: 15082 KB (295s)
  → mod-bateria: gtask-4e5c37b7171d431cb924
  → mod-bidon: gtask-8fdcfeb5e57244f08153
  → img-portada2: gtask-aeb15e723e1640109595
  → mod-pino2: gtask-e97dee2db84d462399f0
  ✓ mod-tronco: 16744 KB (310s)
  ✓ mod-trampa_oso: 8730 KB (312s)
  → mod-botiquin: gtask-a679725171024feeb08d
  ✓ img-portada2: 1681 KB (324s)
  ✓ mod-roca1: 25393 KB (358s)
  ✓ mod-municion: 17280 KB (371s)
  ✓ mod-escopeta: 11779 KB (383s)
  ✓ mod-rifle: 11379 KB (384s)
  ✓ mod-hacha: 16804 KB (386s)
  ✓ mod-linterna: 12011 KB (388s)
  ✓ mod-camion_maderero: 10878 KB (421s)
  ✓ mod-bateria: 17750 KB (423s)
  ✓ mod-bidon: 13942 KB (425s)
  ✓ mod-pino2: 12474 KB (427s)
  ✓ mod-botiquin: 12918 KB (480s)
gastado en esta tanda: 10548 créditos (saldo 381723)
